1	aaaaa
2	aaaa2
3	aaaa3
4	aaaa4
5	aaaa5
6	aaaa6
7	aaaa7
8	aaaa8
9	aaaa9
10	aaa10
11	aaa11
12	aaa12
13	aaa13
14	aaa14
15	aaa15
16	aaa16
17	aaa17
18	aaa18
19	aaa19